\BOOKMARK [1][-]{section.1}{\376\377\000I\000n\000t\000r\000o\000d\000u\000c\000c\000i\000\363\000n}{}% 1
\BOOKMARK [2][-]{subsection.1.1}{\376\377\000C\000o\000n\000t\000e\000x\000t\000u\000a\000l\000i\000z\000a\000c\000i\000\363\000n\000\040\000y\000\040\000A\000n\000t\000e\000c\000e\000d\000e\000n\000t\000e\000s}{section.1}% 2
\BOOKMARK [2][-]{subsection.1.2}{\376\377\000O\000b\000j\000e\000t\000i\000v\000o\000s\000\040\000d\000e\000l\000\040\000L\000a\000b\000o\000r\000a\000t\000o\000r\000i\000o}{section.1}% 3
\BOOKMARK [2][-]{subsection.1.3}{\376\377\000F\000o\000r\000m\000u\000l\000a\000c\000i\000\363\000n\000\040\000d\000e\000\040\000H\000i\000p\000\363\000t\000e\000s\000i\000s}{section.1}% 4
\BOOKMARK [1][-]{section.2}{\376\377\000D\000e\000s\000c\000r\000i\000p\000c\000i\000\363\000n\000\040\000d\000e\000l\000\040\000P\000r\000o\000b\000l\000e\000m\000a}{}% 5
\BOOKMARK [2][-]{subsection.2.1}{\376\377\000D\000e\000s\000c\000r\000i\000p\000c\000i\000\363\000n\000\040\000d\000e\000\040\000l\000a\000\040\000B\000a\000s\000e\000\040\000d\000e\000\040\000D\000a\000t\000o\000s\000\040\000\050\000D\000i\000a\000b\000e\000t\000i\000c\000\040\000R\000e\000t\000i\000n\000o\000p\000a\000t\000h\000y\000\040\000D\000e\000b\000r\000e\000c\000e\000n\000\051}{section.2}% 6
\BOOKMARK [2][-]{subsection.2.2}{\376\377\000D\000e\000s\000c\000r\000i\000p\000c\000i\000\363\000n\000\040\000d\000e\000\040\000C\000l\000a\000s\000e\000s\000\040\000y\000\040\000V\000a\000r\000i\000a\000b\000l\000e\000s}{section.2}% 7
\BOOKMARK [3][-]{subsubsection.2.2.1}{\376\377\000V\000a\000r\000i\000a\000b\000l\000e\000s\000\040\000d\000e\000\040\000C\000a\000l\000i\000d\000a\000d\000\040\000y\000\040\000P\000r\000e\000-\000p\000r\000o\000c\000e\000s\000a\000m\000i\000e\000n\000t\000o}{subsection.2.2}% 8
\BOOKMARK [3][-]{subsubsection.2.2.2}{\376\377\000D\000e\000t\000e\000c\000c\000i\000\363\000n\000\040\000d\000e\000\040\000L\000e\000s\000i\000o\000n\000e\000s\000\040\000y\000\040\000N\000i\000v\000e\000l\000e\000s\000\040\000d\000e\000\040\000C\000o\000n\000f\000i\000a\000n\000z\000a}{subsection.2.2}% 9
\BOOKMARK [3][-]{subsubsection.2.2.3}{\376\377\000D\000e\000s\000c\000r\000i\000p\000t\000o\000r\000e\000s\000\040\000A\000n\000a\000t\000\363\000m\000i\000c\000o\000s}{subsection.2.2}% 10
\BOOKMARK [3][-]{subsubsection.2.2.4}{\376\377\000V\000a\000r\000i\000a\000b\000l\000e\000\040\000d\000e\000\040\000C\000l\000a\000s\000e\000\040\000\050\000O\000b\000j\000e\000t\000i\000v\000o\000\051}{subsection.2.2}% 11
\BOOKMARK [1][-]{section.3}{\376\377\000M\000a\000r\000c\000o\000\040\000T\000e\000\363\000r\000i\000c\000o}{}% 12
\BOOKMARK [2][-]{subsection.3.1}{\376\377\000R\000e\000t\000i\000n\000o\000p\000a\000t\000\355\000a\000\040\000D\000i\000a\000b\000\351\000t\000i\000c\000a\000\040\000e\000\040\000I\000m\000p\000o\000r\000t\000a\000n\000c\000i\000a\000\040\000M\000\351\000d\000i\000c\000a\000\040\000d\000e\000\040\000l\000a\000s\000\040\000L\000e\000s\000i\000o\000n\000e\000s}{section.3}% 13
\BOOKMARK [2][-]{subsection.3.2}{\376\377\000F\000u\000n\000d\000a\000m\000e\000n\000t\000o\000s\000\040\000d\000e\000\040\000E\000s\000t\000a\000d\000\355\000s\000t\000i\000c\000a\000\040\000D\000e\000s\000c\000r\000i\000p\000t\000i\000v\000a\000\040\000y\000\040\000F\000o\000r\000m\000a\000\040\000d\000e\000\040\000D\000i\000s\000t\000r\000i\000b\000u\000c\000i\000\363\000n}{section.3}% 14
\BOOKMARK [2][-]{subsection.3.3}{\376\377\000F\000u\000n\000d\000a\000m\000e\000n\000t\000o\000s\000\040\000d\000e\000\040\000E\000s\000t\000a\000d\000\355\000s\000t\000i\000c\000a\000\040\000I\000n\000f\000e\000r\000e\000n\000c\000i\000a\000l\000\040\000y\000\040\000P\000r\000u\000e\000b\000a\000s\000\040\000d\000e\000\040\000H\000i\000p\000\363\000t\000e\000s\000i\000s}{section.3}% 15
\BOOKMARK [1][-]{section.4}{\376\377\000A\000n\000\341\000l\000i\000s\000i\000s\000\040\000E\000s\000t\000a\000d\000\355\000s\000t\000i\000c\000o\000\040\000e\000\040\000I\000n\000f\000e\000r\000e\000n\000c\000i\000a\000l}{}% 16
\BOOKMARK [2][-]{subsection.4.1}{\376\377\000R\000e\000s\000u\000m\000e\000n\000\040\000E\000s\000t\000a\000d\000\355\000s\000t\000i\000c\000o\000\040\000D\000e\000s\000c\000r\000i\000p\000t\000i\000v\000o}{section.4}% 17
\BOOKMARK [2][-]{subsection.4.2}{\376\377\000A\000n\000\341\000l\000i\000s\000i\000s\000\040\000d\000e\000\040\000l\000a\000\040\000F\000o\000r\000m\000a\000\040\000d\000e\000\040\000l\000a\000\040\000D\000i\000s\000t\000r\000i\000b\000u\000c\000i\000\363\000n\000\040\000\050\000A\000s\000i\000m\000e\000t\000r\000\355\000a\000\040\000y\000\040\000C\000u\000r\000t\000o\000s\000i\000s\000\051}{section.4}% 18
\BOOKMARK [2][-]{subsection.4.3}{\376\377\000V\000a\000l\000i\000d\000a\000c\000i\000\363\000n\000\040\000d\000e\000\040\000N\000o\000r\000m\000a\000l\000i\000d\000a\000d\000\040\000\050\000P\000r\000u\000e\000b\000a\000\040\000d\000e\000\040\000S\000h\000a\000p\000i\000r\000o\000-\000W\000i\000l\000k\000\051}{section.4}% 19
\BOOKMARK [2][-]{subsection.4.4}{\376\377\000D\000e\000t\000e\000c\000c\000i\000\363\000n\000\040\000d\000e\000\040\000V\000a\000l\000o\000r\000e\000s\000\040\000A\000t\000\355\000p\000i\000c\000o\000s\000\040\000\050\000O\000u\000t\000l\000i\000e\000r\000s\000\051}{section.4}% 20
\BOOKMARK [3][-]{subsubsection.4.4.1}{\376\377\000M\000e\000t\000o\000d\000o\000l\000o\000g\000\355\000a\000\040\000d\000e\000\040\000T\000u\000k\000e\000y}{subsection.4.4}% 21
\BOOKMARK [3][-]{subsubsection.4.4.2}{\376\377\000R\000e\000s\000u\000l\000t\000a\000d\000o\000s\000\040\000d\000e\000\040\000l\000a\000\040\000D\000e\000t\000e\000c\000c\000i\000\363\000n}{subsection.4.4}% 22
\BOOKMARK [3][-]{subsubsection.4.4.3}{\376\377\000V\000i\000s\000u\000a\000l\000i\000z\000a\000c\000i\000\363\000n\000\040\000m\000e\000d\000i\000a\000n\000t\000e\000\040\000B\000o\000x\000p\000l\000o\000t\000s\000\040\000p\000o\000r\000\040\000C\000l\000a\000s\000e}{subsection.4.4}% 23
\BOOKMARK [2][-]{subsection.4.5}{\376\377\000A\000n\000\341\000l\000i\000s\000i\000s\000\040\000d\000e\000\040\000C\000o\000r\000r\000e\000l\000a\000c\000i\000\363\000n\000\040\000y\000\040\000V\000i\000s\000u\000a\000l\000i\000z\000a\000c\000i\000\363\000n\000\040\000\050\000H\000e\000a\000t\000m\000a\000p\000\051}{section.4}% 24
\BOOKMARK [3][-]{subsubsection.4.5.1}{\376\377\000I\000n\000t\000e\000r\000p\000r\000e\000t\000a\000c\000i\000\363\000n\000\040\000d\000e\000l\000\040\000M\000a\000p\000a\000\040\000d\000e\000\040\000C\000a\000l\000o\000r}{subsection.4.5}% 25
\BOOKMARK [3][-]{subsubsection.4.5.2}{\376\377\000C\000o\000n\000c\000l\000u\000s\000i\000\363\000n\000\040\000d\000e\000l\000\040\000A\000n\000\341\000l\000i\000s\000i\000s\000\040\000d\000e\000\040\000C\000o\000r\000r\000e\000l\000a\000c\000i\000\363\000n}{subsection.4.5}% 26
\BOOKMARK [2][-]{subsection.4.6}{\376\377\000C\000o\000m\000p\000a\000r\000a\000c\000i\000\363\000n\000\040\000d\000e\000\040\000G\000r\000u\000p\000o\000s\000\040\000\050\000P\000r\000u\000e\000b\000a\000\040\000M\000a\000n\000n\000-\000W\000h\000i\000t\000n\000e\000y\000\040\000U\000\051}{section.4}% 27
\BOOKMARK [3][-]{subsubsection.4.6.1}{\376\377\000P\000l\000a\000n\000t\000e\000a\000m\000i\000e\000n\000t\000o\000\040\000d\000e\000\040\000H\000i\000p\000\363\000t\000e\000s\000i\000s}{subsection.4.6}% 28
\BOOKMARK [3][-]{subsubsection.4.6.2}{\376\377\000R\000e\000s\000u\000l\000t\000a\000d\000o\000s\000\040\000d\000e\000\040\000l\000a\000\040\000P\000r\000u\000e\000b\000a}{subsection.4.6}% 29
\BOOKMARK [3][-]{subsubsection.4.6.3}{\376\377\000I\000n\000t\000e\000r\000p\000r\000e\000t\000a\000c\000i\000\363\000n\000\040\000d\000e\000\040\000l\000o\000s\000\040\000H\000a\000l\000l\000a\000z\000g\000o\000s}{subsection.4.6}% 30
\BOOKMARK [2][-]{subsection.4.7}{\376\377\000M\000o\000d\000e\000l\000a\000m\000i\000e\000n\000t\000o\000\040\000m\000e\000d\000i\000a\000n\000t\000e\000\040\000R\000e\000g\000r\000e\000s\000i\000\363\000n\000\040\000L\000o\000g\000\355\000s\000t\000i\000c\000a}{section.4}% 31
\BOOKMARK [3][-]{subsubsection.4.7.1}{\376\377\000J\000u\000s\000t\000i\000f\000i\000c\000a\000c\000i\000\363\000n\000\040\000d\000e\000\040\000l\000a\000\040\000S\000e\000l\000e\000c\000c\000i\000\363\000n\000\040\000d\000e\000\040\000A\000t\000r\000i\000b\000u\000t\000o\000s}{subsection.4.7}% 32
\BOOKMARK [3][-]{subsubsection.4.7.2}{\376\377\000E\000v\000a\000l\000u\000a\000c\000i\000\363\000n\000\040\000G\000l\000o\000b\000a\000l\000\040\000y\000\040\000B\000o\000n\000d\000a\000d\000\040\000d\000e\000\040\000A\000j\000u\000s\000t\000e}{subsection.4.7}% 33
\BOOKMARK [3][-]{subsubsection.4.7.3}{\376\377\000I\000n\000t\000e\000r\000p\000r\000e\000t\000a\000c\000i\000\363\000n\000\040\000d\000e\000\040\000l\000o\000s\000\040\000C\000o\000e\000f\000i\000c\000i\000e\000n\000t\000e\000s\000\040\000y\000\040\000S\000i\000g\000n\000i\000f\000i\000c\000a\000n\000c\000i\000a}{subsection.4.7}% 34
\BOOKMARK [3][-]{subsubsection.4.7.4}{\376\377\000E\000v\000a\000l\000u\000a\000c\000i\000\363\000n\000\040\000d\000e\000\040\000D\000e\000s\000e\000m\000p\000e\000\361\000o\000\040\000\050\000M\000a\000t\000r\000i\000z\000\040\000d\000e\000\040\000C\000o\000n\000f\000u\000s\000i\000\363\000n\000\040\000y\000\040\000R\000O\000C\000\051}{subsection.4.7}% 35
\BOOKMARK [1][-]{section.5}{\376\377\000C\000o\000n\000c\000l\000u\000s\000i\000o\000n\000e\000s}{}% 36
\BOOKMARK [2][-]{subsection.5.1}{\376\377\000S\000\355\000n\000t\000e\000s\000i\000s\000\040\000d\000e\000\040\000H\000a\000l\000l\000a\000z\000g\000o\000s\000\040\000P\000r\000i\000n\000c\000i\000p\000a\000l\000e\000s}{section.5}% 37
\BOOKMARK [2][-]{subsection.5.2}{\376\377\000D\000i\000s\000c\000u\000s\000i\000\363\000n\000\040\000d\000e\000\040\000R\000e\000s\000u\000l\000t\000a\000d\000o\000s\000\040\000y\000\040\000D\000e\000s\000e\000m\000p\000e\000\361\000o\000\040\000d\000e\000l\000\040\000M\000o\000d\000e\000l\000o}{section.5}% 38
\BOOKMARK [2][-]{subsection.5.3}{\376\377\000L\000i\000m\000i\000t\000a\000c\000i\000o\000n\000e\000s\000\040\000y\000\040\000P\000r\000o\000y\000e\000c\000c\000i\000o\000n\000e\000s\000\040\000F\000u\000t\000u\000r\000a\000s}{section.5}% 39
\BOOKMARK [1][-]{section*.4}{\376\377\000B\000i\000b\000l\000i\000o\000g\000r\000a\000f\000\355\000a}{}% 40
